[13:54:44] [main/INFO]: Loading Minecraft 1.21.7 with Fabric Loader 0.17.2
[13:54:44] [main/INFO]: Loading 13 mods:
	- distanthorizons 2.3.3-b
	   |-- fabric-api-base 0.4.64+9ec45cd86c
	   |-- fabric-command-api-v2 2.2.53+946bf4c36c
	   |-- fabric-entity-events-v1 2.1.1+c9e472736c
	   |-- fabric-events-interaction-v0 4.0.23+946bf4c36c
	   |-- fabric-key-binding-api-v1 1.0.65+946bf4c36c
	   |-- fabric-lifecycle-events-v1 2.6.3+db4dfd856c
	   |-- fabric-networking-api-v1 5.0.1+946bf4c36c
	   |-- fabric-rendering-v1 12.4.0+e8d43c766c
	   |-- fabric-resource-loader-v0 3.1.11+946bf4c36c
	   \-- fabric-screen-api-v1 2.0.51+946bf4c36c
	- fabricloader 0.17.2
	   \-- mixinextras 0.5.0
	- java 21
	- lithium 0.18.0+mc1.21.7
	- minecraft 1.21.7
[13:54:44] [main/INFO]: SpongePowered MIXIN Subsystem Version=0.8.7 Source=file:/data/libraries/net/fabricmc/sponge-mixin/0.16.3+mixin.0.8.7/sponge-mixin-0.16.3+mixin.0.8.7.jar Service=Knot/Fabric Env=SERVER
[13:54:44] [main/INFO]: Compatibility level set to JAVA_21
[13:54:44] [main/INFO]: Loaded configuration file for Lithium: 160 options available, 0 override(s) found.
[13:54:45] [main/INFO]: Initializing MixinExtras via com.llamalad7.mixinextras.service.MixinExtrasServiceImpl(version=0.5.0).
[13:54:47] [main/INFO]: Initializing Distant Horizons server.
[13:54:47] [main/INFO]: Distant Horizons, Version: 2.3.3-b
[13:54:47] [main/INFO]: Registering Fabric Server Events
[13:54:47] [main/INFO]: Distant Horizons server Initialized, adding event subscribers...
[13:54:47] [main/INFO]: Environment: Environment[sessionHost=https://sessionserver.mojang.com, servicesHost=https://api.minecraftservices.com, name=PROD]
[13:54:48] [main/INFO]: Loaded 1407 recipes
[13:54:48] [main/INFO]: Loaded 1520 advancements
[13:54:48] [Server thread/INFO]: Initialising config for DistantHorizons
[13:54:48] [Server thread/INFO]: Config for DistantHorizons initialised
[13:54:48] [Server thread/INFO]: Post-Initializing Mod
[13:54:48] [Server thread/INFO]: Mod Post-Initialized
[13:54:48] [Server thread/INFO]: Checking for Distant Horizons update
[13:54:49] [Server thread/INFO]: Distant Horizons already up to date.
[13:54:49] [Server thread/INFO]: Distant Horizons server Initialized at 
[13:54:49] [Server thread/INFO]: Started [DhServerWorld] of type [SERVER_ONLY].
[13:54:49] [Server thread/INFO]: Starting minecraft server version 1.21.7
[13:54:49] [Server thread/INFO]: Loading properties
[13:54:49] [Server thread/INFO]: Default game type: SURVIVAL
[13:54:49] [Server thread/INFO]: Generating keypair
[13:54:49] [Server thread/INFO]: Starting Minecraft server on *:25565
[13:54:49] [Server thread/INFO]: Using epoll channel type
[13:54:49] [Server thread/WARN]: **** SERVER IS RUNNING IN OFFLINE/INSECURE MODE!
[13:54:49] [Server thread/WARN]: The server will make no attempt to authenticate usernames. Beware.
[13:54:49] [Server thread/WARN]: While this makes the game possible to play without internet access, it also opens up the ability for hackers to connect with any username they choose.
[13:54:49] [Server thread/WARN]: To change this, set "online-mode" to "true" in the server.properties file.
[13:54:49] [Server thread/INFO]: Preparing level "world"
[13:54:49] [DH-Full Data Migration Thread[0]/INFO]: Attempting to migrate data sources for: [minecraft:overworld]-[./world/data]...
[13:54:49] [DH-Full Data Migration Thread[0]/INFO]: Found [0] data sources that need migration.
[13:54:49] [DH-Full Data Migration Thread[0]/INFO]: No migration necessary.
[13:54:49] [Server thread/INFO]: Started DhServerLevel for [Wrapped{ServerLevel[world]@minecraft:overworld}] at [[LocalSaveStructure@(./world/data)]].
[13:54:49] [DH-Full Data Migration Thread[0]/INFO]: Attempting to migrate data sources for: [minecraft:the_nether]-[./world/DIM-1/data]...
[13:54:49] [DH-Full Data Migration Thread[0]/INFO]: Found [0] data sources that need migration.
[13:54:49] [DH-Full Data Migration Thread[0]/INFO]: No migration necessary.
[13:54:49] [Server thread/INFO]: Started DhServerLevel for [Wrapped{ServerLevel[world]@minecraft:the_nether}] at [[LocalSaveStructure@(./world/DIM-1/data;./world/data)]].
[13:54:49] [DH-Full Data Migration Thread[0]/INFO]: Attempting to migrate data sources for: [minecraft:the_end]-[./world/DIM1/data]...
[13:54:49] [DH-Full Data Migration Thread[0]/INFO]: Found [0] data sources that need migration.
[13:54:49] [DH-Full Data Migration Thread[0]/INFO]: No migration necessary.
[13:54:49] [Server thread/INFO]: Started DhServerLevel for [Wrapped{ServerLevel[world]@minecraft:the_end}] at [[LocalSaveStructure@(./world/DIM1/data;./world/DIM-1/data;./world/data)]].
[13:54:49] [Server thread/INFO]: Preparing start region for dimension minecraft:overworld
[13:54:50] [Worker-Main-5/INFO]: Preparing spawn area: 0%
[13:54:50] [Server thread/INFO]: Time elapsed: 425 ms
[13:54:50] [Server thread/INFO]: Done (0.782s)! For help, type "help"
[13:54:50] [Server thread/INFO]: Starting remote control listener
[13:54:50] [Server thread/INFO]: Thread RCON Listener started
[13:54:50] [Server thread/INFO]: RCON running on 0.0.0.0:25575
[13:54:50] [Server thread/INFO]: DH TerraFirmaCraft detection: false
[13:54:50] [Server thread/INFO]: ================WORLD_GEN_STEP_INITING=============
[13:54:50] [Server thread/INFO]: Batch Chunk Generator initialized
[13:54:50] [Server thread/INFO]: Creating world gen queue
[13:54:50] [Server thread/INFO]: Created world gen queue
[13:54:50] [Server thread/INFO]: Set world gen queue for level [minecraft:the_end].
[13:54:50] [Server thread/INFO]: ================WORLD_GEN_STEP_INITING=============
[13:54:50] [Server thread/INFO]: Batch Chunk Generator initialized
[13:54:50] [Server thread/INFO]: Creating world gen queue
[13:54:50] [Server thread/INFO]: Created world gen queue
[13:54:50] [Server thread/INFO]: Set world gen queue for level [minecraft:the_nether].
[13:54:50] [Server thread/INFO]: ================WORLD_GEN_STEP_INITING=============
[13:54:50] [Server thread/INFO]: Batch Chunk Generator initialized
[13:54:50] [Server thread/INFO]: Creating world gen queue
[13:54:50] [Server thread/INFO]: Created world gen queue
[13:54:50] [Server thread/INFO]: Set world gen queue for level [minecraft:overworld].
[13:54:51] [DH-PriorityTaskPicker Thread[17]/WARN]: Unable to find BlockState for Block [minecraft:creaking_heart] with properties: [{active:true}{axis:y}{natural:true}]. Using the default block state.
[13:54:51] [DH-ApplyConfigPresetTimer/INFO]: changing preset to: MEDIUM
[13:54:51] [DH-ApplyConfigPresetTimer/INFO]: preset active: MEDIUM
[13:55:50] [Server thread/INFO]: Server empty for 60 seconds, pausing
[13:59:57] [RCON Listener #1/INFO]: Thread RCON Client /0:0:0:0:0:0:0:1 started
[13:59:57] [Server thread/INFO]: [Rcon: Stopping the server]
[13:59:57] [RCON Client /0:0:0:0:0:0:0:1 #2/INFO]: Thread RCON Client /0:0:0:0:0:0:0:1 shutting down
[13:59:57] [Server thread/INFO]: Stopping server
[13:59:57] [Server thread/INFO]: Saving players
[13:59:57] [Server thread/INFO]: Saving worlds
[13:59:57] [Server thread/INFO]: Saving chunks for level 'ServerLevel[world]'/minecraft:overworld
[13:59:57] [Server thread/INFO]: Saving chunks for level 'ServerLevel[world]'/minecraft:the_nether
[13:59:57] [Server thread/INFO]: Saving chunks for level 'ServerLevel[world]'/minecraft:the_end
[13:59:57] [Server thread/INFO]: ThreadedAnvilChunkStorage (world): All chunks are saved
[13:59:57] [Server thread/INFO]: ThreadedAnvilChunkStorage (DIM-1): All chunks are saved
[13:59:57] [Server thread/INFO]: ThreadedAnvilChunkStorage (DIM1): All chunks are saved
[13:59:57] [Server thread/INFO]: ThreadedAnvilChunkStorage: All dimensions are saved
[13:59:57] [Server thread/INFO]: Unloading level DhServerLevel{qkddou5i59v4k@minecraft:overworld} 
[13:59:57] [Server thread/INFO]: Closing world gen queue
[13:59:57] [Server thread/INFO]: Closing WorldGenerationQueue...
[13:59:57] [Server thread/INFO]: Awaiting world generator thread pool termination...
[13:59:57] [Server thread/WARN]: World generator thread pool shutdown didn't complete after [3] seconds. Some world generator requests may still be running.
[13:59:57] [Server thread/INFO]: BatchGenerator shutting down...
[13:59:57] [Server thread/INFO]: BatchGenerationEnvironment shutting down...
[13:59:57] [Server thread/INFO]: Canceling in progress generation event futures...
[13:59:57] [Server thread/INFO]: BatchGenerationEnvironment shutdown complete.
[13:59:57] [Server thread/INFO]: Finished closing WorldGenerationQueue
[13:59:57] [Server thread/INFO]: Closing [GeneratedFullDataSourceProvider] for level: [DhServerLevel{qkddou5i59v4k@minecraft:overworld}].
[13:59:57] [Server thread/INFO]: Closing [FullDataSourceProviderV1] for level: [DhServerLevel{qkddou5i59v4k@minecraft:overworld}].
[13:59:57] [Server thread/INFO]: Closing database connection: [jdbc:dh_sqlite:./world/data/DistantHorizons.sqlite]...
[13:59:57] [DH-Parent Update Queue [minecraft:overworld] Thread[0]/INFO]: Update thread [DH-Parent Update Queue [minecraft:overworld] Thread[0]] terminated.
[13:59:57] [Server thread/INFO]: Finished closing database connection: [jdbc:dh_sqlite:./world/data/DistantHorizons.sqlite]
[13:59:57] [Server thread/INFO]: Closed DHLevel for [Wrapped{ServerLevel[world]@minecraft:overworld}].
[13:59:57] [Server thread/INFO]: Closing [GeneratedFullDataSourceProvider] for level: [DhServerLevel{qkddou5i59v4k@minecraft:overworld}].
[13:59:57] [Server thread/INFO]: Closing [FullDataSourceProviderV1] for level: [DhServerLevel{qkddou5i59v4k@minecraft:overworld}].
[13:59:57] [Server thread/INFO]: Closed DHLevel for [Wrapped{ServerLevel[world]@minecraft:overworld}].
[13:59:57] [Server thread/INFO]: Unloading level DhServerLevel{qkddou5i59v4k@minecraft:the_nether} 
[13:59:57] [Server thread/INFO]: Closing world gen queue
[13:59:57] [Server thread/INFO]: Closing WorldGenerationQueue...
[13:59:57] [Server thread/INFO]: Awaiting world generator thread pool termination...
[13:59:57] [Server thread/WARN]: World generator thread pool shutdown didn't complete after [3] seconds. Some world generator requests may still be running.
[13:59:57] [Server thread/INFO]: BatchGenerator shutting down...
[13:59:57] [Server thread/INFO]: BatchGenerationEnvironment shutting down...
[13:59:57] [Server thread/INFO]: Canceling in progress generation event futures...
[13:59:57] [Server thread/INFO]: BatchGenerationEnvironment shutdown complete.
[13:59:57] [Server thread/INFO]: Finished closing WorldGenerationQueue
[13:59:57] [Server thread/INFO]: Closing [GeneratedFullDataSourceProvider] for level: [DhServerLevel{qkddou5i59v4k@minecraft:the_nether}].
[13:59:57] [Server thread/INFO]: Closing [FullDataSourceProviderV1] for level: [DhServerLevel{qkddou5i59v4k@minecraft:the_nether}].
[13:59:57] [Server thread/INFO]: Closing database connection: [jdbc:dh_sqlite:./world/DIM-1/data/DistantHorizons.sqlite]...
[13:59:57] [DH-Parent Update Queue [minecraft:the_nether] Thread[0]/INFO]: Update thread [DH-Parent Update Queue [minecraft:the_nether] Thread[0]] terminated.
[13:59:57] [Server thread/INFO]: Finished closing database connection: [jdbc:dh_sqlite:./world/DIM-1/data/DistantHorizons.sqlite]
[13:59:57] [Server thread/INFO]: Closed DHLevel for [Wrapped{ServerLevel[world]@minecraft:the_nether}].
[13:59:58] [Server thread/INFO]: Closing [GeneratedFullDataSourceProvider] for level: [DhServerLevel{qkddou5i59v4k@minecraft:the_nether}].
[13:59:58] [Server thread/INFO]: Closing [FullDataSourceProviderV1] for level: [DhServerLevel{qkddou5i59v4k@minecraft:the_nether}].
[13:59:58] [Server thread/INFO]: Closed DHLevel for [Wrapped{ServerLevel[world]@minecraft:the_nether}].
[13:59:58] [Server thread/INFO]: Unloading level DhServerLevel{qkddou5i59v4k@minecraft:the_end} 
[13:59:58] [Server thread/INFO]: Closing world gen queue
[13:59:58] [Server thread/INFO]: Closing WorldGenerationQueue...
[13:59:58] [Server thread/INFO]: Awaiting world generator thread pool termination...
[13:59:58] [Server thread/WARN]: World generator thread pool shutdown didn't complete after [3] seconds. Some world generator requests may still be running.
[13:59:58] [Server thread/INFO]: BatchGenerator shutting down...
[13:59:58] [Server thread/INFO]: BatchGenerationEnvironment shutting down...
[13:59:58] [Server thread/INFO]: Canceling in progress generation event futures...
[13:59:58] [Server thread/INFO]: BatchGenerationEnvironment shutdown complete.
[13:59:58] [Server thread/INFO]: Finished closing WorldGenerationQueue
[13:59:58] [Server thread/INFO]: Closing [GeneratedFullDataSourceProvider] for level: [DhServerLevel{qkddou5i59v4k@minecraft:the_end}].
[13:59:58] [Server thread/INFO]: Closing [FullDataSourceProviderV1] for level: [DhServerLevel{qkddou5i59v4k@minecraft:the_end}].
[13:59:58] [Server thread/INFO]: Closing database connection: [jdbc:dh_sqlite:./world/DIM1/data/DistantHorizons.sqlite]...
[13:59:58] [DH-Parent Update Queue [minecraft:the_end] Thread[0]/INFO]: Update thread [DH-Parent Update Queue [minecraft:the_end] Thread[0]] terminated.
[13:59:58] [Server thread/INFO]: Finished closing database connection: [jdbc:dh_sqlite:./world/DIM1/data/DistantHorizons.sqlite]
[13:59:58] [Server thread/INFO]: Closed DHLevel for [Wrapped{ServerLevel[world]@minecraft:the_end}].
[13:59:58] [Server thread/INFO]: Closing [GeneratedFullDataSourceProvider] for level: [DhServerLevel{qkddou5i59v4k@minecraft:the_end}].
[13:59:58] [Server thread/INFO]: Closing [FullDataSourceProviderV1] for level: [DhServerLevel{qkddou5i59v4k@minecraft:the_end}].
[13:59:58] [Server thread/INFO]: Closed DHLevel for [Wrapped{ServerLevel[world]@minecraft:the_end}].
[13:59:58] [Server thread/INFO]: Closed DhWorld of type [SERVER_ONLY].
[13:59:58] [Server thread/INFO]: Closed DhWorld of type [SERVER_ONLY].
[13:59:58] [Server thread/INFO]: Shutting down PriorityTaskPicker thread pool...
[13:59:58] [Server thread/INFO]: Closing all [0] database connections...
[13:59:58] [Server thread/INFO]: Thread RCON Listener stopped
